用kotlin编写 sample.kt 文件
fun main(argv:Array<String>){
  println("数字123，字母abc")
}

--方法1 用kotlin运行
$ kotlinc sample.kt
产生 META-INF/ SampleKt.class
$ kotlin SampleKt
打印结果，注意显示（和编码有关）

--方法2 用JVM运行
$ kotlinc sample.kt -include-runtime -d sample.jar
产生 sample.jar
$ java -jar sample.jar
$ java -Dfile.encoding=UTF-8 -jar sample.jar
$ java -Dfile.encoding=GBK -jar sample.jar
对比打印结果，注意显示

--方法3 用kts脚本文件运行
编写 sample.kts 文件
println("数字123，字母abc")
$ kotlinc -script sample.kts
$ kotlinc -Dfile.encoding=UTF-8 -script sample.kts
$ kotlin -Dfile.encoding=UTF-8 -cp ".;./a.jar;./b.jar" target.kts
对比打印结果

https://www.jianshu.com/p/e6512f39f7c7

--方法总结：
在引入库的情况下(如a.jar,b.jar)
$ kotlinc -cp "./a.jar;./b.jar" target.kt
$ kotlin -Dfile.encoding=UTF-8 -cp ".;./a.jar;./b.jar" TargetKt
执行结果
传入参数数量=0

No.1  Thread[main,5,main]
No.2  Thread[main,5,main]
No.3  Thread[main,5,main]
--执行完毕--

注意 -cp 要有. 当前目录，否则TargetKt.class找不到，会提示
error: could not find or load main class TargetKt


